==26698== Memcheck, a memory error detector
==26698== Copyright (C) 2002-2017, and GNU GPL'd, by Julian Seward et al.
==26698== Using Valgrind-3.14.0 and LibVEX; rerun with -h for copyright info
==26698== Command: /home/julian/Exploration-of-Concurrency/week6/json-c/tests/.libs/lt-test_set_value /home/julian/Exploration-of-Concurrency/week6/json-c/tests
==26698== Parent PID: 26682
==26698== 
==26698== 
==26698== HEAP SUMMARY:
==26698==     in use at exit: 0 bytes in 0 blocks
==26698==   total heap usage: 6 allocs, 6 frees, 4,513 bytes allocated
==26698== 
==26698== All heap blocks were freed -- no leaks are possible
==26698== 
==26698== For counts of detected and suppressed errors, rerun with: -v
==26698== ERROR SUMMARY: 0 errors from 0 contexts (suppressed: 0 from 0)
