==26461== Memcheck, a memory error detector
==26461== Copyright (C) 2002-2017, and GNU GPL'd, by Julian Seward et al.
==26461== Using Valgrind-3.14.0 and LibVEX; rerun with -h for copyright info
==26461== Command: /home/julian/Exploration-of-Concurrency/week6/json-c/tests/.libs/lt-test_parse /home/julian/Exploration-of-Concurrency/week6/json-c/tests
==26461== Parent PID: 26445
==26461== 
==26461== 
==26461== HEAP SUMMARY:
==26461==     in use at exit: 0 bytes in 0 blocks
==26461==   total heap usage: 1,086 allocs, 1,086 frees, 205,323 bytes allocated
==26461== 
==26461== All heap blocks were freed -- no leaks are possible
==26461== 
==26461== For counts of detected and suppressed errors, rerun with: -v
==26461== ERROR SUMMARY: 0 errors from 0 contexts (suppressed: 0 from 0)
