==26343== Memcheck, a memory error detector
==26343== Copyright (C) 2002-2017, and GNU GPL'd, by Julian Seward et al.
==26343== Using Valgrind-3.14.0 and LibVEX; rerun with -h for copyright info
==26343== Command: /home/julian/Exploration-of-Concurrency/week6/json-c/tests/.libs/lt-test_null /home/julian/Exploration-of-Concurrency/week6/json-c/tests
==26343== Parent PID: 26327
==26343== 
==26343== 
==26343== HEAP SUMMARY:
==26343==     in use at exit: 0 bytes in 0 blocks
==26343==   total heap usage: 12 allocs, 12 frees, 6,152 bytes allocated
==26343== 
==26343== All heap blocks were freed -- no leaks are possible
==26343== 
==26343== For counts of detected and suppressed errors, rerun with: -v
==26343== ERROR SUMMARY: 0 errors from 0 contexts (suppressed: 0 from 0)
