==26053== Memcheck, a memory error detector
==26053== Copyright (C) 2002-2017, and GNU GPL'd, by Julian Seward et al.
==26053== Using Valgrind-3.14.0 and LibVEX; rerun with -h for copyright info
==26053== Command: /home/julian/Exploration-of-Concurrency/week6/json-c/tests/.libs/lt-test2
==26053== Parent PID: 26039
==26053== 
==26053== 
==26053== HEAP SUMMARY:
==26053==     in use at exit: 0 bytes in 0 blocks
==26053==   total heap usage: 71 allocs, 71 frees, 12,288 bytes allocated
==26053== 
==26053== All heap blocks were freed -- no leaks are possible
==26053== 
==26053== For counts of detected and suppressed errors, rerun with: -v
==26053== ERROR SUMMARY: 0 errors from 0 contexts (suppressed: 0 from 0)
