==26267== Memcheck, a memory error detector
==26267== Copyright (C) 2002-2017, and GNU GPL'd, by Julian Seward et al.
==26267== Using Valgrind-3.14.0 and LibVEX; rerun with -h for copyright info
==26267== Command: /home/julian/Exploration-of-Concurrency/week6/json-c/tests/.libs/lt-test_parse_int64 /home/julian/Exploration-of-Concurrency/week6/json-c/tests
==26267== Parent PID: 26251
==26267== 
==26267== 
==26267== HEAP SUMMARY:
==26267==     in use at exit: 0 bytes in 0 blocks
==26267==   total heap usage: 1 allocs, 1 frees, 4,096 bytes allocated
==26267== 
==26267== All heap blocks were freed -- no leaks are possible
==26267== 
==26267== For counts of detected and suppressed errors, rerun with: -v
==26267== ERROR SUMMARY: 0 errors from 0 contexts (suppressed: 0 from 0)
