==26000== Memcheck, a memory error detector
==26000== Copyright (C) 2002-2017, and GNU GPL'd, by Julian Seward et al.
==26000== Using Valgrind-3.14.0 and LibVEX; rerun with -h for copyright info
==26000== Command: /home/julian/Exploration-of-Concurrency/week6/json-c/tests/.libs/lt-test1Formatted spaced pretty
==26000== Parent PID: 25903
==26000== 
==26000== 
==26000== HEAP SUMMARY:
==26000==     in use at exit: 0 bytes in 0 blocks
==26000==   total heap usage: 190 allocs, 190 frees, 13,447 bytes allocated
==26000== 
==26000== All heap blocks were freed -- no leaks are possible
==26000== 
==26000== For counts of detected and suppressed errors, rerun with: -v
==26000== ERROR SUMMARY: 0 errors from 0 contexts (suppressed: 0 from 0)
