==26221== Memcheck, a memory error detector
==26221== Copyright (C) 2002-2017, and GNU GPL'd, by Julian Seward et al.
==26221== Using Valgrind-3.14.0 and LibVEX; rerun with -h for copyright info
==26221== Command: /home/julian/Exploration-of-Concurrency/week6/json-c/tests/.libs/lt-testReplaceExisting /home/julian/Exploration-of-Concurrency/week6/json-c/tests
==26221== Parent PID: 26205
==26221== 
==26221== 
==26221== HEAP SUMMARY:
==26221==     in use at exit: 0 bytes in 0 blocks
==26221==   total heap usage: 13 allocs, 13 frees, 5,344 bytes allocated
==26221== 
==26221== All heap blocks were freed -- no leaks are possible
==26221== 
==26221== For counts of detected and suppressed errors, rerun with: -v
==26221== ERROR SUMMARY: 0 errors from 0 contexts (suppressed: 0 from 0)
