==26781== Memcheck, a memory error detector
==26781== Copyright (C) 2002-2017, and GNU GPL'd, by Julian Seward et al.
==26781== Using Valgrind-3.14.0 and LibVEX; rerun with -h for copyright info
==26781== Command: /home/julian/Exploration-of-Concurrency/week6/json-c/tests/.libs/lt-test_json_pointer /home/julian/Exploration-of-Concurrency/week6/json-c/tests
==26781== Parent PID: 26765
==26781== 
==26781== 
==26781== HEAP SUMMARY:
==26781==     in use at exit: 0 bytes in 0 blocks
==26781==   total heap usage: 410 allocs, 410 frees, 43,305 bytes allocated
==26781== 
==26781== All heap blocks were freed -- no leaks are possible
==26781== 
==26781== For counts of detected and suppressed errors, rerun with: -v
==26781== ERROR SUMMARY: 0 errors from 0 contexts (suppressed: 0 from 0)
