==26128== Memcheck, a memory error detector
==26128== Copyright (C) 2002-2017, and GNU GPL'd, by Julian Seward et al.
==26128== Using Valgrind-3.14.0 and LibVEX; rerun with -h for copyright info
==26128== Command: /home/julian/Exploration-of-Concurrency/week6/json-c/tests/.libs/lt-test2Formatted spaced pretty
==26128== Parent PID: 26039
==26128== 
==26128== 
==26128== HEAP SUMMARY:
==26128==     in use at exit: 0 bytes in 0 blocks
==26128==   total heap usage: 72 allocs, 72 frees, 13,312 bytes allocated
==26128== 
==26128== All heap blocks were freed -- no leaks are possible
==26128== 
==26128== For counts of detected and suppressed errors, rerun with: -v
==26128== ERROR SUMMARY: 0 errors from 0 contexts (suppressed: 0 from 0)
