==26660== Memcheck, a memory error detector
==26660== Copyright (C) 2002-2017, and GNU GPL'd, by Julian Seward et al.
==26660== Using Valgrind-3.14.0 and LibVEX; rerun with -h for copyright info
==26660== Command: /home/julian/Exploration-of-Concurrency/week6/json-c/tests/.libs/lt-test_compare /home/julian/Exploration-of-Concurrency/week6/json-c/tests
==26660== Parent PID: 26644
==26660== 
==26660== 
==26660== HEAP SUMMARY:
==26660==     in use at exit: 0 bytes in 0 blocks
==26660==   total heap usage: 56 allocs, 56 frees, 9,604 bytes allocated
==26660== 
==26660== All heap blocks were freed -- no leaks are possible
==26660== 
==26660== For counts of detected and suppressed errors, rerun with: -v
==26660== ERROR SUMMARY: 0 errors from 0 contexts (suppressed: 0 from 0)
