==26070== Memcheck, a memory error detector
==26070== Copyright (C) 2002-2017, and GNU GPL'd, by Julian Seward et al.
==26070== Using Valgrind-3.14.0 and LibVEX; rerun with -h for copyright info
==26070== Command: /home/julian/Exploration-of-Concurrency/week6/json-c/tests/.libs/lt-test2Formatted plain
==26070== Parent PID: 26039
==26070== 
==26070== 
==26070== HEAP SUMMARY:
==26070==     in use at exit: 0 bytes in 0 blocks
==26070==   total heap usage: 71 allocs, 71 frees, 12,288 bytes allocated
==26070== 
==26070== All heap blocks were freed -- no leaks are possible
==26070== 
==26070== For counts of detected and suppressed errors, rerun with: -v
==26070== ERROR SUMMARY: 0 errors from 0 contexts (suppressed: 0 from 0)
