==26094== Memcheck, a memory error detector
==26094== Copyright (C) 2002-2017, and GNU GPL'd, by Julian Seward et al.
==26094== Using Valgrind-3.14.0 and LibVEX; rerun with -h for copyright info
==26094== Command: /home/julian/Exploration-of-Concurrency/week6/json-c/tests/.libs/lt-test2Formatted spaced
==26094== Parent PID: 26039
==26094== 
==26094== 
==26094== HEAP SUMMARY:
==26094==     in use at exit: 0 bytes in 0 blocks
==26094==   total heap usage: 71 allocs, 71 frees, 12,288 bytes allocated
==26094== 
==26094== All heap blocks were freed -- no leaks are possible
==26094== 
==26094== For counts of detected and suppressed errors, rerun with: -v
==26094== ERROR SUMMARY: 0 errors from 0 contexts (suppressed: 0 from 0)
