==26145== Memcheck, a memory error detector
==26145== Copyright (C) 2002-2017, and GNU GPL'd, by Julian Seward et al.
==26145== Using Valgrind-3.14.0 and LibVEX; rerun with -h for copyright info
==26145== Command: /home/julian/Exploration-of-Concurrency/week6/json-c/tests/.libs/lt-test2Formatted spaced pretty pretty_tab
==26145== Parent PID: 26039
==26145== 
==26145== 
==26145== HEAP SUMMARY:
==26145==     in use at exit: 0 bytes in 0 blocks
==26145==   total heap usage: 71 allocs, 71 frees, 12,288 bytes allocated
==26145== 
==26145== All heap blocks were freed -- no leaks are possible
==26145== 
==26145== For counts of detected and suppressed errors, rerun with: -v
==26145== ERROR SUMMARY: 0 errors from 0 contexts (suppressed: 0 from 0)
