==26111== Memcheck, a memory error detector
==26111== Copyright (C) 2002-2017, and GNU GPL'd, by Julian Seward et al.
==26111== Using Valgrind-3.14.0 and LibVEX; rerun with -h for copyright info
==26111== Command: /home/julian/Exploration-of-Concurrency/week6/json-c/tests/.libs/lt-test2Formatted pretty
==26111== Parent PID: 26039
==26111== 
==26111== 
==26111== HEAP SUMMARY:
==26111==     in use at exit: 0 bytes in 0 blocks
==26111==   total heap usage: 72 allocs, 72 frees, 13,312 bytes allocated
==26111== 
==26111== All heap blocks were freed -- no leaks are possible
==26111== 
==26111== For counts of detected and suppressed errors, rerun with: -v
==26111== ERROR SUMMARY: 0 errors from 0 contexts (suppressed: 0 from 0)
