==26183== Memcheck, a memory error detector
==26183== Copyright (C) 2002-2017, and GNU GPL'd, by Julian Seward et al.
==26183== Using Valgrind-3.14.0 and LibVEX; rerun with -h for copyright info
==26183== Command: /home/julian/Exploration-of-Concurrency/week6/json-c/tests/.libs/lt-test4 /home/julian/Exploration-of-Concurrency/week6/json-c/tests
==26183== Parent PID: 26167
==26183== 
==26183== 
==26183== HEAP SUMMARY:
==26183==     in use at exit: 0 bytes in 0 blocks
==26183==   total heap usage: 9 allocs, 9 frees, 6,016 bytes allocated
==26183== 
==26183== All heap blocks were freed -- no leaks are possible
==26183== 
==26183== For counts of detected and suppressed errors, rerun with: -v
==26183== ERROR SUMMARY: 0 errors from 0 contexts (suppressed: 0 from 0)
