==26305== Memcheck, a memory error detector
==26305== Copyright (C) 2002-2017, and GNU GPL'd, by Julian Seward et al.
==26305== Using Valgrind-3.14.0 and LibVEX; rerun with -h for copyright info
==26305== Command: /home/julian/Exploration-of-Concurrency/week6/json-c/tests/.libs/lt-test_deep_copy /home/julian/Exploration-of-Concurrency/week6/json-c/tests
==26305== Parent PID: 26289
==26305== 
==26305== 
==26305== HEAP SUMMARY:
==26305==     in use at exit: 0 bytes in 0 blocks
==26305==   total heap usage: 670 allocs, 670 frees, 99,475 bytes allocated
==26305== 
==26305== All heap blocks were freed -- no leaks are possible
==26305== 
==26305== For counts of detected and suppressed errors, rerun with: -v
==26305== ERROR SUMMARY: 0 errors from 0 contexts (suppressed: 0 from 0)
