==25983== Memcheck, a memory error detector
==25983== Copyright (C) 2002-2017, and GNU GPL'd, by Julian Seward et al.
==25983== Using Valgrind-3.14.0 and LibVEX; rerun with -h for copyright info
==25983== Command: /home/julian/Exploration-of-Concurrency/week6/json-c/tests/.libs/lt-test1Formatted pretty
==25983== Parent PID: 25903
==25983== 
==25983== 
==25983== HEAP SUMMARY:
==25983==     in use at exit: 0 bytes in 0 blocks
==25983==   total heap usage: 189 allocs, 189 frees, 13,315 bytes allocated
==25983== 
==25983== All heap blocks were freed -- no leaks are possible
==25983== 
==25983== For counts of detected and suppressed errors, rerun with: -v
==25983== ERROR SUMMARY: 0 errors from 0 contexts (suppressed: 0 from 0)
