==25843== Memcheck, a memory error detector
==25843== Copyright (C) 2002-2017, and GNU GPL'd, by Julian Seward et al.
==25843== Using Valgrind-3.14.0 and LibVEX; rerun with -h for copyright info
==25843== Command: /home/julian/Exploration-of-Concurrency/week6/json-c/tests/.libs/lt-test_util_file /home/julian/Exploration-of-Concurrency/week6/json-c/tests
==25843== Parent PID: 25827
==25843== 
==25843== 
==25843== HEAP SUMMARY:
==25843==     in use at exit: 0 bytes in 0 blocks
==25843==   total heap usage: 69 allocs, 69 frees, 12,963 bytes allocated
==25843== 
==25843== All heap blocks were freed -- no leaks are possible
==25843== 
==25843== For counts of detected and suppressed errors, rerun with: -v
==25843== ERROR SUMMARY: 0 errors from 0 contexts (suppressed: 0 from 0)
