==26821== Memcheck, a memory error detector
==26821== Copyright (C) 2002-2017, and GNU GPL'd, by Julian Seward et al.
==26821== Using Valgrind-3.14.0 and LibVEX; rerun with -h for copyright info
==26821== Command: /home/julian/Exploration-of-Concurrency/week6/json-c/tests/.libs/lt-test_int_add /home/julian/Exploration-of-Concurrency/week6/json-c/tests
==26821== Parent PID: 26805
==26821== 
==26821== 
==26821== HEAP SUMMARY:
==26821==     in use at exit: 0 bytes in 0 blocks
==26821==   total heap usage: 7 allocs, 7 frees, 4,624 bytes allocated
==26821== 
==26821== All heap blocks were freed -- no leaks are possible
==26821== 
==26821== For counts of detected and suppressed errors, rerun with: -v
==26821== ERROR SUMMARY: 0 errors from 0 contexts (suppressed: 0 from 0)
