==26743== Memcheck, a memory error detector
==26743== Copyright (C) 2002-2017, and GNU GPL'd, by Julian Seward et al.
==26743== Using Valgrind-3.14.0 and LibVEX; rerun with -h for copyright info
==26743== Command: /home/julian/Exploration-of-Concurrency/week6/json-c/tests/.libs/lt-test_visit /home/julian/Exploration-of-Concurrency/week6/json-c/tests
==26743== Parent PID: 26727
==26743== 
==26743== 
==26743== HEAP SUMMARY:
==26743==     in use at exit: 0 bytes in 0 blocks
==26743==   total heap usage: 75 allocs, 75 frees, 10,398 bytes allocated
==26743== 
==26743== All heap blocks were freed -- no leaks are possible
==26743== 
==26743== For counts of detected and suppressed errors, rerun with: -v
==26743== ERROR SUMMARY: 0 errors from 0 contexts (suppressed: 0 from 0)
