==26381== Memcheck, a memory error detector
==26381== Copyright (C) 2002-2017, and GNU GPL'd, by Julian Seward et al.
==26381== Using Valgrind-3.14.0 and LibVEX; rerun with -h for copyright info
==26381== Command: /home/julian/Exploration-of-Concurrency/week6/json-c/tests/.libs/lt-test_cast /home/julian/Exploration-of-Concurrency/week6/json-c/tests
==26381== Parent PID: 26365
==26381== 
==26381== 
==26381== HEAP SUMMARY:
==26381==     in use at exit: 0 bytes in 0 blocks
==26381==   total heap usage: 32 allocs, 32 frees, 7,430 bytes allocated
==26381== 
==26381== All heap blocks were freed -- no leaks are possible
==26381== 
==26381== For counts of detected and suppressed errors, rerun with: -v
==26381== ERROR SUMMARY: 0 errors from 0 contexts (suppressed: 0 from 0)
