==26545== Memcheck, a memory error detector
==26545== Copyright (C) 2002-2017, and GNU GPL'd, by Julian Seward et al.
==26545== Using Valgrind-3.14.0 and LibVEX; rerun with -h for copyright info
==26545== Command: /home/julian/Exploration-of-Concurrency/week6/json-c/tests/.libs/lt-test_charcase /home/julian/Exploration-of-Concurrency/week6/json-c/tests
==26545== Parent PID: 26529
==26545== 
==26545== 
==26545== HEAP SUMMARY:
==26545==     in use at exit: 0 bytes in 0 blocks
==26545==   total heap usage: 14 allocs, 14 frees, 7,320 bytes allocated
==26545== 
==26545== All heap blocks were freed -- no leaks are possible
==26545== 
==26545== For counts of detected and suppressed errors, rerun with: -v
==26545== ERROR SUMMARY: 0 errors from 0 contexts (suppressed: 0 from 0)
