==26422== Memcheck, a memory error detector
==26422== Copyright (C) 2002-2017, and GNU GPL'd, by Julian Seward et al.
==26422== Using Valgrind-3.14.0 and LibVEX; rerun with -h for copyright info
==26422== Command: /home/julian/Exploration-of-Concurrency/week6/json-c/tests/.libs/lt-test_double_serializer /home/julian/Exploration-of-Concurrency/week6/json-c/tests
==26422== Parent PID: 26406
==26422== 
==26422== 
==26422== HEAP SUMMARY:
==26422==     in use at exit: 136 bytes in 3 blocks
==26422==   total heap usage: 20 allocs, 17 frees, 4,773 bytes allocated
==26422== 
==26422== 16 bytes in 1 blocks are indirectly lost in loss record 1 of 3
==26422==    at 0x483AB65: calloc (vg_replace_malloc.c:752)
==26422==    by 0x4852160: printbuf_new (printbuf.c:39)
==26422==    by 0x484C594: json_object_to_json_string_length (json_object.c:333)
==26422==    by 0x1093A5: main (test_double_serializer.c:80)
==26422== 
==26422== 32 bytes in 1 blocks are indirectly lost in loss record 2 of 3
==26422==    at 0x483877F: malloc (vg_replace_malloc.c:299)
==26422==    by 0x4852181: printbuf_new (printbuf.c:43)
==26422==    by 0x484C594: json_object_to_json_string_length (json_object.c:333)
==26422==    by 0x1093A5: main (test_double_serializer.c:80)
==26422== 
==26422== 136 (88 direct, 48 indirect) bytes in 1 blocks are definitely lost in loss record 3 of 3
==26422==    at 0x483AB65: calloc (vg_replace_malloc.c:752)
==26422==    by 0x484D018: json_object_new (json_object.c:230)
==26422==    by 0x484D018: json_object_new_double (json_object.c:900)
==26422==    by 0x10939D: main (test_double_serializer.c:79)
==26422== 
==26422== LEAK SUMMARY:
==26422==    definitely lost: 88 bytes in 1 blocks
==26422==    indirectly lost: 48 bytes in 2 blocks
==26422==      possibly lost: 0 bytes in 0 blocks
==26422==    still reachable: 0 bytes in 0 blocks
==26422==         suppressed: 0 bytes in 0 blocks
==26422== 
==26422== For counts of detected and suppressed errors, rerun with: -v
==26422== ERROR SUMMARY: 1 errors from 1 contexts (suppressed: 0 from 0)
