==26506== Memcheck, a memory error detector
==26506== Copyright (C) 2002-2017, and GNU GPL'd, by Julian Seward et al.
==26506== Using Valgrind-3.14.0 and LibVEX; rerun with -h for copyright info
==26506== Command: /home/julian/Exploration-of-Concurrency/week6/json-c/tests/.libs/lt-test_locale /home/julian/Exploration-of-Concurrency/week6/json-c/tests
==26506== Parent PID: 26490
==26506== 
==26506== 
==26506== HEAP SUMMARY:
==26506==     in use at exit: 0 bytes in 0 blocks
==26506==   total heap usage: 33 allocs, 33 frees, 16,341 bytes allocated
==26506== 
==26506== All heap blocks were freed -- no leaks are possible
==26506== 
==26506== For counts of detected and suppressed errors, rerun with: -v
==26506== ERROR SUMMARY: 0 errors from 0 contexts (suppressed: 0 from 0)
