==26622== Memcheck, a memory error detector
==26622== Copyright (C) 2002-2017, and GNU GPL'd, by Julian Seward et al.
==26622== Using Valgrind-3.14.0 and LibVEX; rerun with -h for copyright info
==26622== Command: /home/julian/Exploration-of-Concurrency/week6/json-c/tests/.libs/lt-test_set_serializer /home/julian/Exploration-of-Concurrency/week6/json-c/tests
==26622== Parent PID: 26606
==26622== 
==26622== 
==26622== HEAP SUMMARY:
==26622==     in use at exit: 0 bytes in 0 blocks
==26622==   total heap usage: 15 allocs, 15 frees, 5,944 bytes allocated
==26622== 
==26622== All heap blocks were freed -- no leaks are possible
==26622== 
==26622== For counts of detected and suppressed errors, rerun with: -v
==26622== ERROR SUMMARY: 0 errors from 0 contexts (suppressed: 0 from 0)
