==25965== Memcheck, a memory error detector
==25965== Copyright (C) 2002-2017, and GNU GPL'd, by Julian Seward et al.
==25965== Using Valgrind-3.14.0 and LibVEX; rerun with -h for copyright info
==25965== Command: /home/julian/Exploration-of-Concurrency/week6/json-c/tests/.libs/lt-test1Formatted spaced
==25965== Parent PID: 25903
==25965== 
==25965== 
==25965== HEAP SUMMARY:
==25965==     in use at exit: 0 bytes in 0 blocks
==25965==   total heap usage: 189 allocs, 189 frees, 13,281 bytes allocated
==25965== 
==25965== All heap blocks were freed -- no leaks are possible
==25965== 
==25965== For counts of detected and suppressed errors, rerun with: -v
==25965== ERROR SUMMARY: 0 errors from 0 contexts (suppressed: 0 from 0)
