==25942== Memcheck, a memory error detector
==25942== Copyright (C) 2002-2017, and GNU GPL'd, by Julian Seward et al.
==25942== Using Valgrind-3.14.0 and LibVEX; rerun with -h for copyright info
==25942== Command: /home/julian/Exploration-of-Concurrency/week6/json-c/tests/.libs/lt-test1Formatted plain
==25942== Parent PID: 25903
==25942== 
==25942== 
==25942== HEAP SUMMARY:
==25942==     in use at exit: 0 bytes in 0 blocks
==25942==   total heap usage: 189 allocs, 189 frees, 13,254 bytes allocated
==25942== 
==25942== All heap blocks were freed -- no leaks are possible
==25942== 
==25942== For counts of detected and suppressed errors, rerun with: -v
==25942== ERROR SUMMARY: 0 errors from 0 contexts (suppressed: 0 from 0)
