==25917== Memcheck, a memory error detector
==25917== Copyright (C) 2002-2017, and GNU GPL'd, by Julian Seward et al.
==25917== Using Valgrind-3.14.0 and LibVEX; rerun with -h for copyright info
==25917== Command: /home/julian/Exploration-of-Concurrency/week6/json-c/tests/.libs/lt-test1
==25917== Parent PID: 25903
==25917== 
==25917== 
==25917== HEAP SUMMARY:
==25917==     in use at exit: 0 bytes in 0 blocks
==25917==   total heap usage: 139 allocs, 139 frees, 12,896 bytes allocated
==25917== 
==25917== All heap blocks were freed -- no leaks are possible
==25917== 
==25917== For counts of detected and suppressed errors, rerun with: -v
==25917== ERROR SUMMARY: 0 errors from 0 contexts (suppressed: 0 from 0)
