==25881== Memcheck, a memory error detector
==25881== Copyright (C) 2002-2017, and GNU GPL'd, by Julian Seward et al.
==25881== Using Valgrind-3.14.0 and LibVEX; rerun with -h for copyright info
==25881== Command: /home/julian/Exploration-of-Concurrency/week6/json-c/tests/.libs/lt-test_float /home/julian/Exploration-of-Concurrency/week6/json-c/tests
==25881== Parent PID: 25865
==25881== 
==25881== 
==25881== HEAP SUMMARY:
==25881==     in use at exit: 0 bytes in 0 blocks
==25881==   total heap usage: 13 allocs, 13 frees, 4,640 bytes allocated
==25881== 
==25881== All heap blocks were freed -- no leaks are possible
==25881== 
==25881== For counts of detected and suppressed errors, rerun with: -v
==25881== ERROR SUMMARY: 0 errors from 0 contexts (suppressed: 0 from 0)
